// Jest Snapshot v1, https://goo.gl/fbAQLP

exports[`<Votes /> renders properly 1`] = `
ShallowWrapper {
  "length": 1,
  Symbol(enzyme.__root__): [Circular],
  Symbol(enzyme.__unrendered__): <Votes />,
  Symbol(enzyme.__renderer__): Object {
    "batchedUpdates": [Function],
    "getNode": [Function],
    "render": [Function],
    "simulateEvent": [Function],
    "unmount": [Function],
  },
  Symbol(enzyme.__node__): Object {
    "instance": null,
    "key": undefined,
    "nodeType": "host",
    "props": Object {
      "children": Array [
        <div
          className="upvote"
          onClick={undefined}
>
          Upvote
</div>,
        false,
        <div
          className="downvote"
          onClick={undefined}
>
          Downvote
</div>,
        false,
      ],
      "className": "votes",
    },
    "ref": null,
    "rendered": Array [
      Object {
        "instance": null,
        "key": undefined,
        "nodeType": "host",
        "props": Object {
          "children": "Upvote",
          "className": "upvote",
          "onClick": undefined,
        },
        "ref": null,
        "rendered": "Upvote",
        "type": "div",
      },
      false,
      Object {
        "instance": null,
        "key": undefined,
        "nodeType": "host",
        "props": Object {
          "children": "Downvote",
          "className": "downvote",
          "onClick": undefined,
        },
        "ref": null,
        "rendered": "Downvote",
        "type": "div",
      },
      false,
    ],
    "type": "div",
  },
  Symbol(enzyme.__nodes__): Array [
    Object {
      "instance": null,
      "key": undefined,
      "nodeType": "host",
      "props": Object {
        "children": Array [
          <div
            className="upvote"
            onClick={undefined}
>
            Upvote
</div>,
          false,
          <div
            className="downvote"
            onClick={undefined}
>
            Downvote
</div>,
          false,
        ],
        "className": "votes",
      },
      "ref": null,
      "rendered": Array [
        Object {
          "instance": null,
          "key": undefined,
          "nodeType": "host",
          "props": Object {
            "children": "Upvote",
            "className": "upvote",
            "onClick": undefined,
          },
          "ref": null,
          "rendered": "Upvote",
          "type": "div",
        },
        false,
        Object {
          "instance": null,
          "key": undefined,
          "nodeType": "host",
          "props": Object {
            "children": "Downvote",
            "className": "downvote",
            "onClick": undefined,
          },
          "ref": null,
          "rendered": "Downvote",
          "type": "div",
        },
        false,
      ],
      "type": "div",
    },
  ],
  Symbol(enzyme.__options__): Object {
    "adapter": ReactSixteenAdapter {
      "options": Object {
        "enableComponentDidUpdateOnSetState": true,
      },
    },
  },
}
`;
