// Jest Snapshot v1, https://goo.gl/fbAQLP

exports[`<CommentItem /> renders properly 1`] = `
ShallowWrapper {
  "length": 1,
  Symbol(enzyme.__root__): [Circular],
  Symbol(enzyme.__unrendered__): <CommentItem
    item={
        Object {
            "author": "",
            "body": "",
            "timestamp": 1468166872634,
            "voteScore": 0,
          }
    }
    onDelete={[Function]}
    onDownVote={[Function]}
    onEdit={[Function]}
    onUpVote={[Function]}
/>,
  Symbol(enzyme.__renderer__): Object {
    "batchedUpdates": [Function],
    "getNode": [Function],
    "render": [Function],
    "simulateEvent": [Function],
    "unmount": [Function],
  },
  Symbol(enzyme.__node__): Object {
    "instance": null,
    "key": undefined,
    "nodeType": "host",
    "props": Object {
      "children": Array [
        <div />,
        <div
          className="commentitemmain"
>
          <div
                    className="meta"
          >
                    <div>
                              
                               - 
                    </div>
                    <FormatDate
                              timestamp={1468166872634}
                    />
          </div>
          <div
                    className="ondelete meta"
                    onClick={[Function]}
          >
                    Delete
          </div>
          <div
                    className="ondelete meta"
                    onClick={[Function]}
          >
                    Edit
          </div>
</div>,
        <div>
          <Votes
                    onDownVote={[Function]}
                    onUpVote={[Function]}
                    voteScore={0}
          />
</div>,
      ],
      "className": "commentitem",
    },
    "ref": null,
    "rendered": Array [
      Object {
        "instance": null,
        "key": undefined,
        "nodeType": "host",
        "props": Object {
          "children": "",
        },
        "ref": null,
        "rendered": "",
        "type": "div",
      },
      Object {
        "instance": null,
        "key": undefined,
        "nodeType": "host",
        "props": Object {
          "children": Array [
            <div
              className="meta"
>
              <div>
                            
                             - 
              </div>
              <FormatDate
                            timestamp={1468166872634}
              />
</div>,
            <div
              className="ondelete meta"
              onClick={[Function]}
>
              Delete
</div>,
            <div
              className="ondelete meta"
              onClick={[Function]}
>
              Edit
</div>,
          ],
          "className": "commentitemmain",
        },
        "ref": null,
        "rendered": Array [
          Object {
            "instance": null,
            "key": undefined,
            "nodeType": "host",
            "props": Object {
              "children": Array [
                <div>
                  
                   - 
</div>,
                <FormatDate
                  timestamp={1468166872634}
/>,
              ],
              "className": "meta",
            },
            "ref": null,
            "rendered": Array [
              Object {
                "instance": null,
                "key": undefined,
                "nodeType": "host",
                "props": Object {
                  "children": Array [
                    "",
                    " - ",
                  ],
                },
                "ref": null,
                "rendered": Array [
                  "",
                  " - ",
                ],
                "type": "div",
              },
              Object {
                "instance": null,
                "key": undefined,
                "nodeType": "function",
                "props": Object {
                  "timestamp": 1468166872634,
                },
                "ref": null,
                "rendered": null,
                "type": [Function],
              },
            ],
            "type": "div",
          },
          Object {
            "instance": null,
            "key": undefined,
            "nodeType": "host",
            "props": Object {
              "children": "Delete",
              "className": "ondelete meta",
              "onClick": [Function],
            },
            "ref": null,
            "rendered": "Delete",
            "type": "div",
          },
          Object {
            "instance": null,
            "key": undefined,
            "nodeType": "host",
            "props": Object {
              "children": "Edit",
              "className": "ondelete meta",
              "onClick": [Function],
            },
            "ref": null,
            "rendered": "Edit",
            "type": "div",
          },
        ],
        "type": "div",
      },
      Object {
        "instance": null,
        "key": undefined,
        "nodeType": "host",
        "props": Object {
          "children": <Votes
            onDownVote={[Function]}
            onUpVote={[Function]}
            voteScore={0}
/>,
        },
        "ref": null,
        "rendered": Object {
          "instance": null,
          "key": undefined,
          "nodeType": "function",
          "props": Object {
            "onDownVote": [Function],
            "onUpVote": [Function],
            "voteScore": 0,
          },
          "ref": null,
          "rendered": null,
          "type": [Function],
        },
        "type": "div",
      },
    ],
    "type": "div",
  },
  Symbol(enzyme.__nodes__): Array [
    Object {
      "instance": null,
      "key": undefined,
      "nodeType": "host",
      "props": Object {
        "children": Array [
          <div />,
          <div
            className="commentitemmain"
>
            <div
                        className="meta"
            >
                        <div>
                                    
                                     - 
                        </div>
                        <FormatDate
                                    timestamp={1468166872634}
                        />
            </div>
            <div
                        className="ondelete meta"
                        onClick={[Function]}
            >
                        Delete
            </div>
            <div
                        className="ondelete meta"
                        onClick={[Function]}
            >
                        Edit
            </div>
</div>,
          <div>
            <Votes
                        onDownVote={[Function]}
                        onUpVote={[Function]}
                        voteScore={0}
            />
</div>,
        ],
        "className": "commentitem",
      },
      "ref": null,
      "rendered": Array [
        Object {
          "instance": null,
          "key": undefined,
          "nodeType": "host",
          "props": Object {
            "children": "",
          },
          "ref": null,
          "rendered": "",
          "type": "div",
        },
        Object {
          "instance": null,
          "key": undefined,
          "nodeType": "host",
          "props": Object {
            "children": Array [
              <div
                className="meta"
>
                <div>
                                
                                 - 
                </div>
                <FormatDate
                                timestamp={1468166872634}
                />
</div>,
              <div
                className="ondelete meta"
                onClick={[Function]}
>
                Delete
</div>,
              <div
                className="ondelete meta"
                onClick={[Function]}
>
                Edit
</div>,
            ],
            "className": "commentitemmain",
          },
          "ref": null,
          "rendered": Array [
            Object {
              "instance": null,
              "key": undefined,
              "nodeType": "host",
              "props": Object {
                "children": Array [
                  <div>
                    
                     - 
</div>,
                  <FormatDate
                    timestamp={1468166872634}
/>,
                ],
                "className": "meta",
              },
              "ref": null,
              "rendered": Array [
                Object {
                  "instance": null,
                  "key": undefined,
                  "nodeType": "host",
                  "props": Object {
                    "children": Array [
                      "",
                      " - ",
                    ],
                  },
                  "ref": null,
                  "rendered": Array [
                    "",
                    " - ",
                  ],
                  "type": "div",
                },
                Object {
                  "instance": null,
                  "key": undefined,
                  "nodeType": "function",
                  "props": Object {
                    "timestamp": 1468166872634,
                  },
                  "ref": null,
                  "rendered": null,
                  "type": [Function],
                },
              ],
              "type": "div",
            },
            Object {
              "instance": null,
              "key": undefined,
              "nodeType": "host",
              "props": Object {
                "children": "Delete",
                "className": "ondelete meta",
                "onClick": [Function],
              },
              "ref": null,
              "rendered": "Delete",
              "type": "div",
            },
            Object {
              "instance": null,
              "key": undefined,
              "nodeType": "host",
              "props": Object {
                "children": "Edit",
                "className": "ondelete meta",
                "onClick": [Function],
              },
              "ref": null,
              "rendered": "Edit",
              "type": "div",
            },
          ],
          "type": "div",
        },
        Object {
          "instance": null,
          "key": undefined,
          "nodeType": "host",
          "props": Object {
            "children": <Votes
              onDownVote={[Function]}
              onUpVote={[Function]}
              voteScore={0}
/>,
          },
          "ref": null,
          "rendered": Object {
            "instance": null,
            "key": undefined,
            "nodeType": "function",
            "props": Object {
              "onDownVote": [Function],
              "onUpVote": [Function],
              "voteScore": 0,
            },
            "ref": null,
            "rendered": null,
            "type": [Function],
          },
          "type": "div",
        },
      ],
      "type": "div",
    },
  ],
  Symbol(enzyme.__options__): Object {
    "adapter": ReactSixteenAdapter {
      "options": Object {
        "enableComponentDidUpdateOnSetState": true,
      },
    },
  },
}
`;
