// Jest Snapshot v1, https://goo.gl/fbAQLP

exports[`<PostItem /> renders properly 1`] = `
ShallowWrapper {
  "length": 1,
  Symbol(enzyme.__root__): [Circular],
  Symbol(enzyme.__unrendered__): <PostItem
    onDelete={[Function]}
    onDownVote={[Function]}
    onEdit={[Function]}
    onUpVote={[Function]}
    post={
        Object {
            "author": "",
            "body": "",
            "category": "",
            "commentCount": 2,
            "timestamp": 1468166872634,
            "title": "",
            "voteScore": 1,
          }
    }
    to="/"
/>,
  Symbol(enzyme.__renderer__): Object {
    "batchedUpdates": [Function],
    "getNode": [Function],
    "render": [Function],
    "simulateEvent": [Function],
    "unmount": [Function],
  },
  Symbol(enzyme.__node__): Object {
    "instance": null,
    "key": undefined,
    "nodeType": "host",
    "props": Object {
      "children": Array [
        <div
          className="postitemheader"
>
          <Link
                    replace={false}
                    to="/"
          >
                    <div
                              className="title"
                    />
          </Link>
          <div>
                    <Link
                              className="ondelete"
                              onClick={[Function]}
                              replace={false}
                              to="/"
                    >
                              Delete
                    </Link>
          </div>
          <div
                    className="onedit"
                    onClick={[Function]}
          >
                    Edit
          </div>
</div>,
        <div
          className="meta"
>
          <div>
                    
                     - 
          </div>
           
          <FormatDate
                    timestamp={1468166872634}
          />
</div>,
        <div
          className="body"
>
          
          <Link
                    replace={false}
                    to="/"
          >
                    <div
                              className="readmore"
                    >
                              ...Read more
                    </div>
          </Link>
</div>,
        <div
          className="postitemnav"
>
          <Votes
                    onDownVote={[Function]}
                    onUpVote={[Function]}
                    voteScore={1}
          />
          <div
                    className="category"
          >
                    [
                    
                    ]
          </div>
</div>,
      ],
      "className": "postitem",
    },
    "ref": null,
    "rendered": Array [
      Object {
        "instance": null,
        "key": undefined,
        "nodeType": "host",
        "props": Object {
          "children": Array [
            <Link
              replace={false}
              to="/"
>
              <div
                            className="title"
              />
</Link>,
            false,
            <div>
              <Link
                            className="ondelete"
                            onClick={[Function]}
                            replace={false}
                            to="/"
              >
                            Delete
              </Link>
</div>,
            <div
              className="onedit"
              onClick={[Function]}
>
              Edit
</div>,
            false,
          ],
          "className": "postitemheader",
        },
        "ref": null,
        "rendered": Array [
          Object {
            "instance": null,
            "key": undefined,
            "nodeType": "class",
            "props": Object {
              "children": <div
                className="title"
/>,
              "replace": false,
              "to": "/",
            },
            "ref": null,
            "rendered": Object {
              "instance": null,
              "key": undefined,
              "nodeType": "host",
              "props": Object {
                "children": "",
                "className": "title",
              },
              "ref": null,
              "rendered": "",
              "type": "div",
            },
            "type": [Function],
          },
          false,
          Object {
            "instance": null,
            "key": undefined,
            "nodeType": "host",
            "props": Object {
              "children": <Link
                className="ondelete"
                onClick={[Function]}
                replace={false}
                to="/"
>
                Delete
</Link>,
            },
            "ref": null,
            "rendered": Object {
              "instance": null,
              "key": undefined,
              "nodeType": "class",
              "props": Object {
                "children": "Delete",
                "className": "ondelete",
                "onClick": [Function],
                "replace": false,
                "to": "/",
              },
              "ref": null,
              "rendered": "Delete",
              "type": [Function],
            },
            "type": "div",
          },
          Object {
            "instance": null,
            "key": undefined,
            "nodeType": "host",
            "props": Object {
              "children": "Edit",
              "className": "onedit",
              "onClick": [Function],
            },
            "ref": null,
            "rendered": "Edit",
            "type": "div",
          },
          false,
        ],
        "type": "div",
      },
      Object {
        "instance": null,
        "key": undefined,
        "nodeType": "host",
        "props": Object {
          "children": Array [
            <div>
              
               - 
</div>,
            " ",
            <FormatDate
              timestamp={1468166872634}
/>,
          ],
          "className": "meta",
        },
        "ref": null,
        "rendered": Array [
          Object {
            "instance": null,
            "key": undefined,
            "nodeType": "host",
            "props": Object {
              "children": Array [
                "",
                " - ",
              ],
            },
            "ref": null,
            "rendered": Array [
              "",
              " - ",
            ],
            "type": "div",
          },
          " ",
          Object {
            "instance": null,
            "key": undefined,
            "nodeType": "function",
            "props": Object {
              "timestamp": 1468166872634,
            },
            "ref": null,
            "rendered": null,
            "type": [Function],
          },
        ],
        "type": "div",
      },
      Object {
        "instance": null,
        "key": undefined,
        "nodeType": "host",
        "props": Object {
          "children": Array [
            "",
            <Link
              replace={false}
              to="/"
>
              <div
                            className="readmore"
              >
                            ...Read more
              </div>
</Link>,
          ],
          "className": "body",
        },
        "ref": null,
        "rendered": Array [
          "",
          Object {
            "instance": null,
            "key": undefined,
            "nodeType": "class",
            "props": Object {
              "children": <div
                className="readmore"
>
                ...Read more
</div>,
              "replace": false,
              "to": "/",
            },
            "ref": null,
            "rendered": Object {
              "instance": null,
              "key": undefined,
              "nodeType": "host",
              "props": Object {
                "children": "...Read more",
                "className": "readmore",
              },
              "ref": null,
              "rendered": "...Read more",
              "type": "div",
            },
            "type": [Function],
          },
        ],
        "type": "div",
      },
      Object {
        "instance": null,
        "key": undefined,
        "nodeType": "host",
        "props": Object {
          "children": Array [
            <Votes
              onDownVote={[Function]}
              onUpVote={[Function]}
              voteScore={1}
/>,
            false,
            <div
              className="category"
>
              [
              
              ]
</div>,
          ],
          "className": "postitemnav",
        },
        "ref": null,
        "rendered": Array [
          Object {
            "instance": null,
            "key": undefined,
            "nodeType": "function",
            "props": Object {
              "onDownVote": [Function],
              "onUpVote": [Function],
              "voteScore": 1,
            },
            "ref": null,
            "rendered": null,
            "type": [Function],
          },
          false,
          Object {
            "instance": null,
            "key": undefined,
            "nodeType": "host",
            "props": Object {
              "children": Array [
                "[",
                "",
                "]",
              ],
              "className": "category",
            },
            "ref": null,
            "rendered": Array [
              "[",
              "",
              "]",
            ],
            "type": "div",
          },
        ],
        "type": "div",
      },
    ],
    "type": "div",
  },
  Symbol(enzyme.__nodes__): Array [
    Object {
      "instance": null,
      "key": undefined,
      "nodeType": "host",
      "props": Object {
        "children": Array [
          <div
            className="postitemheader"
>
            <Link
                        replace={false}
                        to="/"
            >
                        <div
                                    className="title"
                        />
            </Link>
            <div>
                        <Link
                                    className="ondelete"
                                    onClick={[Function]}
                                    replace={false}
                                    to="/"
                        >
                                    Delete
                        </Link>
            </div>
            <div
                        className="onedit"
                        onClick={[Function]}
            >
                        Edit
            </div>
</div>,
          <div
            className="meta"
>
            <div>
                        
                         - 
            </div>
             
            <FormatDate
                        timestamp={1468166872634}
            />
</div>,
          <div
            className="body"
>
            
            <Link
                        replace={false}
                        to="/"
            >
                        <div
                                    className="readmore"
                        >
                                    ...Read more
                        </div>
            </Link>
</div>,
          <div
            className="postitemnav"
>
            <Votes
                        onDownVote={[Function]}
                        onUpVote={[Function]}
                        voteScore={1}
            />
            <div
                        className="category"
            >
                        [
                        
                        ]
            </div>
</div>,
        ],
        "className": "postitem",
      },
      "ref": null,
      "rendered": Array [
        Object {
          "instance": null,
          "key": undefined,
          "nodeType": "host",
          "props": Object {
            "children": Array [
              <Link
                replace={false}
                to="/"
>
                <div
                                className="title"
                />
</Link>,
              false,
              <div>
                <Link
                                className="ondelete"
                                onClick={[Function]}
                                replace={false}
                                to="/"
                >
                                Delete
                </Link>
</div>,
              <div
                className="onedit"
                onClick={[Function]}
>
                Edit
</div>,
              false,
            ],
            "className": "postitemheader",
          },
          "ref": null,
          "rendered": Array [
            Object {
              "instance": null,
              "key": undefined,
              "nodeType": "class",
              "props": Object {
                "children": <div
                  className="title"
/>,
                "replace": false,
                "to": "/",
              },
              "ref": null,
              "rendered": Object {
                "instance": null,
                "key": undefined,
                "nodeType": "host",
                "props": Object {
                  "children": "",
                  "className": "title",
                },
                "ref": null,
                "rendered": "",
                "type": "div",
              },
              "type": [Function],
            },
            false,
            Object {
              "instance": null,
              "key": undefined,
              "nodeType": "host",
              "props": Object {
                "children": <Link
                  className="ondelete"
                  onClick={[Function]}
                  replace={false}
                  to="/"
>
                  Delete
</Link>,
              },
              "ref": null,
              "rendered": Object {
                "instance": null,
                "key": undefined,
                "nodeType": "class",
                "props": Object {
                  "children": "Delete",
                  "className": "ondelete",
                  "onClick": [Function],
                  "replace": false,
                  "to": "/",
                },
                "ref": null,
                "rendered": "Delete",
                "type": [Function],
              },
              "type": "div",
            },
            Object {
              "instance": null,
              "key": undefined,
              "nodeType": "host",
              "props": Object {
                "children": "Edit",
                "className": "onedit",
                "onClick": [Function],
              },
              "ref": null,
              "rendered": "Edit",
              "type": "div",
            },
            false,
          ],
          "type": "div",
        },
        Object {
          "instance": null,
          "key": undefined,
          "nodeType": "host",
          "props": Object {
            "children": Array [
              <div>
                
                 - 
</div>,
              " ",
              <FormatDate
                timestamp={1468166872634}
/>,
            ],
            "className": "meta",
          },
          "ref": null,
          "rendered": Array [
            Object {
              "instance": null,
              "key": undefined,
              "nodeType": "host",
              "props": Object {
                "children": Array [
                  "",
                  " - ",
                ],
              },
              "ref": null,
              "rendered": Array [
                "",
                " - ",
              ],
              "type": "div",
            },
            " ",
            Object {
              "instance": null,
              "key": undefined,
              "nodeType": "function",
              "props": Object {
                "timestamp": 1468166872634,
              },
              "ref": null,
              "rendered": null,
              "type": [Function],
            },
          ],
          "type": "div",
        },
        Object {
          "instance": null,
          "key": undefined,
          "nodeType": "host",
          "props": Object {
            "children": Array [
              "",
              <Link
                replace={false}
                to="/"
>
                <div
                                className="readmore"
                >
                                ...Read more
                </div>
</Link>,
            ],
            "className": "body",
          },
          "ref": null,
          "rendered": Array [
            "",
            Object {
              "instance": null,
              "key": undefined,
              "nodeType": "class",
              "props": Object {
                "children": <div
                  className="readmore"
>
                  ...Read more
</div>,
                "replace": false,
                "to": "/",
              },
              "ref": null,
              "rendered": Object {
                "instance": null,
                "key": undefined,
                "nodeType": "host",
                "props": Object {
                  "children": "...Read more",
                  "className": "readmore",
                },
                "ref": null,
                "rendered": "...Read more",
                "type": "div",
              },
              "type": [Function],
            },
          ],
          "type": "div",
        },
        Object {
          "instance": null,
          "key": undefined,
          "nodeType": "host",
          "props": Object {
            "children": Array [
              <Votes
                onDownVote={[Function]}
                onUpVote={[Function]}
                voteScore={1}
/>,
              false,
              <div
                className="category"
>
                [
                
                ]
</div>,
            ],
            "className": "postitemnav",
          },
          "ref": null,
          "rendered": Array [
            Object {
              "instance": null,
              "key": undefined,
              "nodeType": "function",
              "props": Object {
                "onDownVote": [Function],
                "onUpVote": [Function],
                "voteScore": 1,
              },
              "ref": null,
              "rendered": null,
              "type": [Function],
            },
            false,
            Object {
              "instance": null,
              "key": undefined,
              "nodeType": "host",
              "props": Object {
                "children": Array [
                  "[",
                  "",
                  "]",
                ],
                "className": "category",
              },
              "ref": null,
              "rendered": Array [
                "[",
                "",
                "]",
              ],
              "type": "div",
            },
          ],
          "type": "div",
        },
      ],
      "type": "div",
    },
  ],
  Symbol(enzyme.__options__): Object {
    "adapter": ReactSixteenAdapter {
      "options": Object {
        "enableComponentDidUpdateOnSetState": true,
      },
    },
  },
}
`;
